2026-07-22 14:40:25 | INFO | Input ROOT: processed_data\converted_runs_07-13\45V-400mV.root
2026-07-22 14:40:25 | INFO | Output directory: datasets\45V-400mV_ml
2026-07-22 14:40:25 | INFO | Selection pass: extracting amplitudes, noise, and trigger indices
2026-07-22 14:40:32 | INFO | Selection pass processed 1000 events
2026-07-22 14:40:34 | INFO | Selection pass processed 2000 events
2026-07-22 14:40:35 | INFO | Selection pass processed 3000 events
2026-07-22 14:40:37 | INFO | Selection pass processed 4000 events
2026-07-22 14:40:39 | INFO | Selection pass processed 5000 events
2026-07-22 14:40:42 | INFO | Selection pass processed 6000 events
2026-07-22 14:40:44 | INFO | Selection pass processed 7000 events
2026-07-22 14:40:48 | INFO | Selection pass processed 8000 events
2026-07-22 14:40:50 | INFO | Selection pass processed 9000 events
2026-07-22 14:40:53 | INFO | Selection pass processed 10000 events
2026-07-22 14:40:55 | INFO | Selection pass processed 11000 events
2026-07-22 14:40:58 | INFO | Selection pass processed 12000 events
2026-07-22 14:41:00 | INFO | Selection pass processed 13000 events
2026-07-22 14:41:03 | INFO | Selection pass processed 14000 events
2026-07-22 14:41:05 | INFO | Selection pass processed 15000 events
2026-07-22 14:41:08 | INFO | Selection pass processed 16000 events
2026-07-22 14:41:10 | INFO | Selection pass processed 17000 events
2026-07-22 14:41:13 | INFO | Selection pass processed 18000 events
2026-07-22 14:41:15 | INFO | Selection pass processed 19000 events
2026-07-22 14:41:17 | INFO | Selection pass processed 20000 events
2026-07-22 14:41:17 | INFO | Selection pass complete: 20135 events
2026-07-22 14:41:18 | INFO | Selection cache written: datasets\45V-400mV_ml\selection_features.npz
2026-07-22 14:41:18 | INFO | Selected events before dataset-specific validity checks: 6736/20135
2026-07-22 14:41:18 | INFO | Dataset pass: 6736 selected events, 8 worker(s), LED=7 mV, window=5 ns, polynomial degree=4, L2=0.0001
2026-07-22 14:41:18 | INFO | Energy proportional thresholds: 5%, 50%
2026-07-22 14:41:25 | INFO | Dataset pass processed 500/6736 selected events; accepted=500
2026-07-22 14:41:27 | INFO | Dataset pass processed 1000/6736 selected events; accepted=1000
2026-07-22 14:41:28 | INFO | Dataset pass processed 1500/6736 selected events; accepted=1500
2026-07-22 14:41:28 | INFO | Dataset pass processed 2000/6736 selected events; accepted=2000
2026-07-22 14:41:30 | INFO | Dataset pass processed 2500/6736 selected events; accepted=2500
2026-07-22 14:41:31 | INFO | Dataset pass processed 3000/6736 selected events; accepted=3000
2026-07-22 14:41:32 | INFO | Dataset pass processed 3500/6736 selected events; accepted=3500
2026-07-22 14:41:33 | INFO | Dataset pass processed 4000/6736 selected events; accepted=4000
2026-07-22 14:41:34 | INFO | Dataset pass processed 4500/6736 selected events; accepted=4500
2026-07-22 14:41:35 | INFO | Dataset pass processed 5000/6736 selected events; accepted=5000
2026-07-22 14:41:37 | INFO | Dataset pass processed 5500/6736 selected events; accepted=5500
2026-07-22 14:41:37 | INFO | Dataset pass processed 6000/6736 selected events; accepted=6000
2026-07-22 14:41:38 | INFO | Dataset pass processed 6500/6736 selected events; accepted=6500
2026-07-22 14:41:39 | INFO | Dataset pass complete: accepted=6736, rejected=0
2026-07-22 14:41:39 | INFO | Dataset written: datasets\45V-400mV_ml\ml_dataset.csv
2026-07-22 14:41:39 | INFO | Target center (mean): -37.384149 ps; target standard deviation: 5213.892 ps
2026-07-22 14:41:39 | INFO | Final dataset: datasets\45V-400mV_ml\ml_dataset.csv
2026-07-22 14:41:39 | INFO | Accepted rows: 6736
